// Jest Snapshot v1, https://goo.gl/fbAQLP

exports[`should render the App component with  send props 1`] = `
<View
  accessibilityIgnoresInvertColors={true}
  style={
    Object {
      "flex": 1,
    }
  }
>
  <Image
    blurRadius={2}
    resizeMode="contain"
    source={1}
    style={
      Array [
        Object {
          "bottom": 0,
          "left": 0,
          "position": "absolute",
          "right": 0,
          "top": 0,
        },
        Object {
          "height": undefined,
          "width": undefined,
        },
        undefined,
      ]
    }
  />
  <View
    style={
      Object {
        "alignItems": "center",
        "flex": 1,
        "justifyContent": "center",
      }
    }
  >
    <Text
      style={
        Object {
          "color": "#fff",
          "fontSize": 50,
          "fontWeight": "600",
          "textAlign": "center",
        }
      }
      testID="text"
    >
      13
      °
    </Text>
    <Image
      source={1}
      style={
        Object {
          "alignItems": "center",
          "height": 40,
          "width": 40,
        }
      }
    />
    <Text
      style={
        Object {
          "color": "#fff",
          "fontSize": 20,
          "fontWeight": "500",
          "textAlign": "center",
          "textTransform": "uppercase",
          "width": "100%",
        }
      }
    >
      clear sky
    </Text>
  </View>
  <View>
    <RCTScrollView
      data={
        Array [
          Object {
            "dt": 1614063600,
            "temp": 12.58,
            "weather": Array [
              Object {
                "description": "few clouds",
                "icon": "02n",
                "id": 801,
                "main": "Clouds",
              },
            ],
          },
        ]
      }
      disableVirtualization={false}
      getItem={[Function]}
      getItemCount={[Function]}
      horizontal={true}
      initialNumToRender={10}
      keyExtractor={[Function]}
      maxToRenderPerBatch={10}
      onContentSizeChange={[Function]}
      onEndReachedThreshold={2}
      onLayout={[Function]}
      onMomentumScrollEnd={[Function]}
      onScroll={[Function]}
      onScrollBeginDrag={[Function]}
      onScrollEndDrag={[Function]}
      removeClippedSubviews={false}
      renderItem={[Function]}
      scrollEventThrottle={50}
      stickyHeaderIndices={Array []}
      updateCellsBatchingPeriod={50}
      viewabilityConfigCallbackPairs={Array []}
      windowSize={21}
    >
      <View>
        <View
          onLayout={[Function]}
          style={
            Array [
              Object {
                "flexDirection": "row",
              },
              null,
            ]
          }
        >
          <View
            style={
              Object {
                "alignItems": "center",
                "backgroundColor": "#57575da6",
                "padding": 6,
              }
            }
          >
            <Text
              style={
                Object {
                  "color": "#fff",
                  "fontWeight": "bold",
                }
              }
            >
              09:00:00
            </Text>
            <Text
              style={
                Object {
                  "color": "#fff",
                  "fontWeight": "bold",
                }
              }
            >
              13
              °C
            </Text>
            <Image
              source={1}
              style={
                Object {
                  "height": 30,
                  "marginBottom": 35,
                  "width": 30,
                }
              }
            />
            <Text>
              few clouds
            </Text>
          </View>
        </View>
      </View>
    </RCTScrollView>
  </View>
</View>
`;
